<html>
<body>
<pre>
<h1>礦ision Build Log</h1>
<h2>Project:</h2>
E:\大连奇耘电子\电子纸墨水屏\点阵\2.13寸\QYEG0213BNS800\技术资料\QYEG0213BNS800-STM32F103例程-210225\Project\mdk.uvproj
Project File Date:  02/24/2021

<h2>Output:</h2>
Build target 'GDE'
linking...
Program Size: Code=4822 RO-data=13778 RW-data=24 ZI-data=1632  
FromELF: creating hex file...
".\Debug\obj\mdk.axf" - 0 Error(s), 0 Warning(s).
</pre>
</body>
</html>
"E:\\大连奇耘电子\\电子纸墨水屏\\点阵\\2.13寸\\QYEG0213BNS800\\技术资料\\QYEG0213BNS800-STM32F103例程-210225\\Project\\Debug\\obj\\mdk.axf" 
Erase Done.
Programming Done.
Verify OK.
Application running ...

ication running ...
鏫\QYEG0213BNS800\\技术资料\\QYEG0213BNS800-STM32F103例程-210225\\Project\\Debug\\obj\\mdk.axf" 
Erase Done.
Programming Done.
Verify OK.
Application running ...
