<html>
<body>
<pre>
<h1>礦ision Build Log</h1>
<h2>Project:</h2>
E:\大连奇耘电子\电子纸墨水屏\点阵\1.54寸\GDEH0154D67\技术资料\GDEH0154D67-STM32F103例程-20210301\Project\mdk.uvproj
Project File Date:  09/28/2020

<h2>Output:</h2>
Build target 'GDE'
compiling main.c...
linking...
Program Size: Code=5402 RO-data=17742 RW-data=24 ZI-data=1632  
FromELF: creating hex file...
".\Debug\obj\mdk.axf" - 0 Error(s), 0 Warning(s).
</pre>
</body>
</html>
电子纸墨水屏\\点阵\\1.54寸\\GDEH0154D67\\技术资料\\GDEH0154D67-STM32F103例程-20210301\\Project\\Debug\\obj\\mdk.axf" 
Erase Done.
Programming Done.
Verify OK.
Application running ...
